00:00 +0: loading /Users/iml1s/Documents/multi_chain_wallet/packages/ordinals_sdk/test/brc20_service_test.dart                                                                                         00:00 +0: BRC20Service deployToken should broadcast commit and reveal transactions                                                                                                                     00:01 +0: BRC20Service deployToken should broadcast commit and reveal transactions                                                                                                                     00:01 +1: BRC20Service deployToken should broadcast commit and reveal transactions                                                                                                                     00:01 +1: BRC20Service mintToken should broadcast commit and reveal transactions                                                                                                                       00:01 +2: BRC20Service mintToken should broadcast commit and reveal transactions                                                                                                                       00:01 +2: BRC20Service createTransferInscription should verify balance and broadcast                                                                                                                   00:01 +3: BRC20Service createTransferInscription should verify balance and broadcast                                                                                                                   00:01 +3: BRC20Service mintToken should fail if amount exceeds limit                                                                                                                                   00:01 +4: BRC20Service mintToken should fail if amount exceeds limit                                                                                                                                   00:01 +4: BRC20Service createTransferInscription should fail if insufficient balance                                                                                                                   00:01 +5: BRC20Service createTransferInscription should fail if insufficient balance                                                                                                                   00:01 +5: All tests passed!                                                                                                                                                                            
